// Jest Snapshot v1, https://goo.gl/fbAQLP

exports[`<NiceFileInput/> renders 1`] = `
ShallowWrapper {
  Symbol(enzyme.__root__): [Circular],
  Symbol(enzyme.__unrendered__): <NiceFileInput />,
  Symbol(enzyme.__renderer__): Object {
    "batchedUpdates": [Function],
    "getNode": [Function],
    "render": [Function],
    "simulateError": [Function],
    "simulateEvent": [Function],
    "unmount": [Function],
  },
  Symbol(enzyme.__node__): Object {
    "instance": null,
    "key": undefined,
    "nodeType": "host",
    "props": Object {
      "children": Array [
        <i
          aria-hidden="true"
          className="fa fa-cloud-upload niceButtonBase-leftIcon"
        />,
        "Select file",
        <input
          className="NiceFileInput-input"
          onChange={[Function]}
          type="file"
        />,
      ],
      "className": "NiceFileInput niceButtonBase",
    },
    "ref": null,
    "rendered": Array [
      Object {
        "instance": null,
        "key": undefined,
        "nodeType": "host",
        "props": Object {
          "aria-hidden": "true",
          "className": "fa fa-cloud-upload niceButtonBase-leftIcon",
        },
        "ref": null,
        "rendered": null,
        "type": "i",
      },
      "Select file",
      Object {
        "instance": null,
        "key": undefined,
        "nodeType": "host",
        "props": Object {
          "accept": undefined,
          "className": "NiceFileInput-input",
          "onChange": [Function],
          "type": "file",
        },
        "ref": null,
        "rendered": null,
        "type": "input",
      },
    ],
    "type": "label",
  },
  Symbol(enzyme.__nodes__): Array [
    Object {
      "instance": null,
      "key": undefined,
      "nodeType": "host",
      "props": Object {
        "children": Array [
          <i
            aria-hidden="true"
            className="fa fa-cloud-upload niceButtonBase-leftIcon"
          />,
          "Select file",
          <input
            className="NiceFileInput-input"
            onChange={[Function]}
            type="file"
          />,
        ],
        "className": "NiceFileInput niceButtonBase",
      },
      "ref": null,
      "rendered": Array [
        Object {
          "instance": null,
          "key": undefined,
          "nodeType": "host",
          "props": Object {
            "aria-hidden": "true",
            "className": "fa fa-cloud-upload niceButtonBase-leftIcon",
          },
          "ref": null,
          "rendered": null,
          "type": "i",
        },
        "Select file",
        Object {
          "instance": null,
          "key": undefined,
          "nodeType": "host",
          "props": Object {
            "accept": undefined,
            "className": "NiceFileInput-input",
            "onChange": [Function],
            "type": "file",
          },
          "ref": null,
          "rendered": null,
          "type": "input",
        },
      ],
      "type": "label",
    },
  ],
  Symbol(enzyme.__options__): Object {
    "adapter": ReactSixteenAdapter {
      "options": Object {
        "enableComponentDidUpdateOnSetState": true,
        "lifecycles": Object {
          "componentDidUpdate": Object {
            "onSetState": true,
          },
          "getDerivedStateFromProps": true,
          "getSnapshotBeforeUpdate": true,
          "setState": Object {
            "skipsComponentDidUpdateOnNullish": true,
          },
        },
      },
    },
  },
}
`;
